main.c:99:6:init_nRF24	4	static
main.c:108:6:init_ESC	8	static
main.c:127:6:set_ESC	4	static
main.c:147:5:main	88	static
main.c:266:6:SystemClock_Config	88	static
main.c:309:13:MX_CRC_Init	8	static
main.c:335:13:MX_I2C1_Init	8	static
main.c:369:13:MX_SPI1_Init	8	static
main.c:407:13:MX_TIM1_Init	80	static
main.c:484:13:MX_TIM3_Init	32	static
main.c:529:13:MX_TIM4_Init	32	static
main.c:574:13:MX_UART4_Init	8	static
main.c:607:13:MX_USART1_UART_Init	8	static
main.c:640:13:MX_USART3_UART_Init	8	static
main.c:673:13:MX_GPIO_Init	48	static
main.c:716:6:HAL_UART_RxCpltCallback	24	static
main.c:765:6:HAL_TIM_PeriodElapsedCallback	16	static
main.c:781:6:StartDefaultTask	24	static
main.c:809:6:StartTask02	32	static
main.c:828:6:Error_Handler	4	static
